// Jest Snapshot v1, https://goo.gl/fbAQLP

exports[`Test for NewReleases page It matches the snapshot 1`] = `
<div
  className="container-fluid"
  id="dropped-box"
>
  <h1>
    Loading...
  </h1>
</div>
`;
