// Jest Snapshot v1, https://goo.gl/fbAQLP

exports[`test for carousel display component It matches snapshot 1`] = `
<div
  className="carousel slide"
  onKeyDown={[Function]}
  onMouseOut={[Function]}
  onMouseOver={[Function]}
  onTouchEnd={[Function]}
  onTouchMove={[Function]}
  onTouchStart={[Function]}
>
  <ol
    className="carousel-indicators"
  >
    <li
      className="active"
      onClick={[Function]}
    />
    <li
      onClick={[Function]}
    />
    <li
      onClick={[Function]}
    />
    <li
      onClick={[Function]}
    />
  </ol>
  <div
    className="carousel-inner"
  >
    <div
      align="center"
      className="active carousel-item"
    >
      <img
        alt="First slide"
        className="d-block w-75 h-15"
        src="https://d1nslcd7m2225b.cloudfront.net/Pictures/780xany/3/5/4/1342354_pr2trlr00657_857435.jpg"
      />
      <div
        className="carousel-caption"
      >
        <h3
          id="CarouselName"
        >
          Peter Rabbit 2
        </h3>
      </div>
    </div>
    <div
      align="center"
      className="carousel-item"
    >
      <img
        alt="Second slide"
        className="d-block w-75 h-15"
        src="https://thenationroar.com/wp-content/uploads/2020/04/quiet-place-2.jpg"
      />
      <div
        className="carousel-caption"
      >
        <h3
          id="CarouselName"
        >
          The Quiet Place 2
        </h3>
      </div>
    </div>
    <div
      align="center"
      className="carousel-item"
    >
      <img
        alt="Third slide"
        className="d-block w-75 h-15"
        src="https://www.joblo.com/assets/images/joblo/news/2021/02/cruella-poster-disney.jpg"
      />
      <div
        className="carousel-caption"
      >
        <h3
          id="CarouselName"
        >
          Cruella
        </h3>
      </div>
    </div>
    <div
      align="center"
      className="carousel-item"
    >
      <img
        alt="Fourth slide"
        className="d-block w-75 h-15"
        src="https://movies-b26f.kxcdn.com/wp-content/uploads/2020/11/DSKY-Movie-Poster_FINAL-scaled-1-e1593800575920-770x470.jpg"
      />
      <div
        className="carousel-caption"
      >
        <h3
          id="CarouselName"
        >
          Demon Slayer
        </h3>
      </div>
    </div>
  </div>
  <a
    className="carousel-control-prev"
    href="#"
    onClick={[Function]}
    onKeyDown={[Function]}
    role="button"
  >
    <span
      aria-hidden="true"
      className="carousel-control-prev-icon"
    />
    <span
      className="sr-only"
    >
      Previous
    </span>
  </a>
  <a
    className="carousel-control-next"
    href="#"
    onClick={[Function]}
    onKeyDown={[Function]}
    role="button"
  >
    <span
      aria-hidden="true"
      className="carousel-control-next-icon"
    />
    <span
      className="sr-only"
    >
      Next
    </span>
  </a>
</div>
`;
